
> print("Data file:")
[1] "Data file:"

> print(DATAFILE)
[1] "./data/seatbelts.csv"

> print("Target:")
[1] "Target:"

> print(TARGET_VAR)
[1] "drivers"

> print("Regressors:")
[1] "Regressors:"

> print(REGCOLUMNS)
[1] "kms"

> print("Start data:")
[1] "Start data:"

> print(STARTDATA)
[1] "1969-01-01 00:00:00"

> sink()
[1] "Start of training set:"
[1] "1970-01-01"
[1] "Start of test set:"
[1] "1981-01-01"
[1] "Horizon:"
[1] 12
[1] "N_TEST:"
[1] 24
[1] "Model vector:"
[1] "arima1"
[1] "Metrics:"
  model_name       ME    RMSE      MAE      MPE     MAPE
1     arima1 163.5085 291.827 243.8718 9.968741 14.85287
[1] "Error models:"
NULL
